<?xml version="1.0" encoding="UTF-8"?>
<project access="public" description="" full-name="Jira import" unix-name="jira-import">
  <long-description/>
  <ugroups>
    <ugroup name="project_members" description="">
      <members>
        <member format="username">user01</member>
        <member format="username">dtp.connectivity-inbox</member>
        <member format="username">user04</member>
      </members>
    </ugroup>
  </ugroups>
  <services>
    <service shortname="plugin_tracker" enabled="true"/>
  </services>
  <trackers>
    <tracker id="T1" parent_id="0" instantiate_for_new_projects="1">
      <name>Bugs</name>
      <item_name>bug</item_name>
      <description>Bugs and requests</description>
      <color>inca_silver</color>
      <cannedResponses/>
      <formElements>
        <formElement type="column" ID="F22" rank="0">
          <name>struct0</name>
          <label>struct0</label>
          <formElements>
            <formElement type="subby" ID="F1" rank="0">
              <name>submitted_by</name>
              <label>Submitted by</label>
            </formElement>
            <formElement type="subon" ID="F2" rank="1">
              <name>submitted_on</name>
              <label>Submitted on</label>
            </formElement>
          </formElements>
        </formElement>
        <formElement type="column" ID="F23" rank="1">
          <name>struct1</name>
          <label>struct1</label>
          <formElements>
            <formElement type="luby" ID="F3" rank="0">
              <name>last_update_by</name>
              <label>Last update by</label>
            </formElement>
            <formElement type="lud" ID="F4" rank="1">
              <name>last_update_on</name>
              <label>Last update on</label>
            </formElement>
          </formElements>
        </formElement>
        <formElement type="fieldset" ID="F24" rank="2">
          <name>struct2</name>
          <label>Details</label>
          <formElements>
            <formElement type="column" ID="F25" rank="0">
              <name>struct0</name>
              <label>struct0</label>
              <formElements>
                <formElement type="string" ID="F5" rank="0">
                  <name>summary</name>
                  <label>Summary</label>
                  <properties size="61"/>
                </formElement>
              </formElements>
            </formElement>
            <formElement type="column" ID="F26" rank="1">
              <name>struct1</name>
              <label>struct1</label>
              <formElements>
                <formElement type="int" ID="F6" rank="0">
                  <name>bugzilla_id</name>
                  <label>Bugzilla id</label>
                </formElement>
              </formElements>
            </formElement>
            <formElement type="text" ID="F7" rank="2">
              <name>description</name>
              <label>Description</label>
              <properties rows="7" cols="80"/>
            </formElement>
            <formElement type="tbl" ID="F8" rank="3" notifications="1">
              <name>cc</name>
              <label>CC</label>
              <bind type="users">
                <items>
                  <item label="ugroup_2"/>
                </items>
              </bind>
            </formElement>
            <formElement type="file" ID="F15" rank="4">
              <name>attachments</name>
              <label>Attachments</label>
            </formElement>
          </formElements>
        </formElement>
        <formElement type="fieldset" ID="F27" rank="3">
          <name>struct3</name>
          <label>Progress</label>
          <formElements>
            <formElement type="column" ID="F28" rank="0">
              <name>struct0</name>
              <label>struct0</label>
              <formElements>
                <formElement type="sb" ID="F9" rank="0">
                  <name>status</name>
                  <label>Status</label>
                  <bind type="static" is_rank_alpha="0">
                    <items>
                      <item ID="V1" label="NEW" is_hidden="0"/>
                      <item ID="V2" label="UNCONFIRMED" is_hidden="0"/>
                      <item ID="V3" label="CONFIRMED" is_hidden="0"/>
                      <item ID="V4" label="ASSIGNED" is_hidden="0"/>
                      <item ID="V5" label="REOPENED" is_hidden="0"/>
                      <item ID="V6" label="IN_PROGRESS" is_hidden="0"/>
                      <item ID="V7" label="RESOLVED" is_hidden="0"/>
                      <item ID="V8" label="VERIFIED" is_hidden="0"/>
                      <item ID="V9" label="CLOSED" is_hidden="0"/>
                    </items>
                  </bind>
                </formElement>
                <formElement type="sb" ID="F10" rank="1">
                  <name>resolution</name>
                  <label>Resolution</label>
                  <bind type="static" is_rank_alpha="0">
                    <items>
                      <item ID="V10" label="FIXED" is_hidden="0"/>
                      <item ID="V11" label="INVALID" is_hidden="0"/>
                      <item ID="V12" label="WONTFIX" is_hidden="0"/>
                      <item ID="V13" label="DUPLICATE" is_hidden="0"/>
                      <item ID="V14" label="WORKSFORME" is_hidden="0"/>
                      <item ID="V15" label="MOVED" is_hidden="0"/>
                      <item ID="V16" label="NOT_ECLIPSE" is_hidden="0"/>
                    </items>
                  </bind>
                </formElement>
                <formElement type="sb" ID="F11" rank="2" notifications="1">
                  <name>assigned_to</name>
                  <label>Assigned to</label>
                  <bind type="users">
                    <items>
                      <item label="group_members"/>
                    </items>
                  </bind>
                </formElement>
              </formElements>
            </formElement>
            <formElement type="column" ID="F29" rank="1">
              <name>struct1</name>
              <label>struct1</label>
              <formElements>
                <formElement type="sb" ID="F12" rank="0">
                  <name>severity</name>
                  <label>Severity</label>
                  <bind type="static" is_rank_alpha="0">
                    <items>
                      <item ID="V17" label="blocker" is_hidden="0"/>
                      <item ID="V18" label="critical" is_hidden="0"/>
                      <item ID="V19" label="major" is_hidden="0"/>
                      <item ID="V20" label="normal" is_hidden="0"/>
                      <item ID="V21" label="minor" is_hidden="0"/>
                      <item ID="V22" label="trivial" is_hidden="0"/>
                      <item ID="V23" label="enhancement" is_hidden="0"/>
                    </items>
                  </bind>
                </formElement>
                <formElement type="sb" ID="F13" rank="1">
                  <name>priority</name>
                  <label>Priority</label>
                  <bind type="static" is_rank_alpha="0">
                    <items>
                      <item ID="V24" label="P1" is_hidden="0"/>
                      <item ID="V25" label="P2" is_hidden="0"/>
                      <item ID="V26" label="P3" is_hidden="0"/>
                      <item ID="V27" label="P4" is_hidden="0"/>
                      <item ID="V28" label="P5" is_hidden="0"/>
                    </items>
                  </bind>
                </formElement>
              </formElements>
            </formElement>
          </formElements>
        </formElement>
        <formElement type="fieldset" ID="F30" rank="4">
          <name>struct4</name>
          <label>Product and versions</label>
          <formElements>
            <formElement type="column" ID="F31" rank="0">
              <name>struct0</name>
              <label>struct0</label>
              <formElements>
                <formElement type="sb" ID="F16" rank="0">
                  <name>product</name>
                  <label>Product</label>
                  <bind type="static" is_rank_alpha="0">
                    <items>
                      <item ID="V29" label="Data Tools" is_hidden="0"/>
                    </items>
                  </bind>
                </formElement>
                <formElement type="sb" ID="F17" rank="1">
                  <name>component</name>
                  <label>Component</label>
                  <bind type="static" is_rank_alpha="0">
                    <items>
                      <item ID="V30" label="Docs" is_hidden="0"/>
                    </items>
                  </bind>
                </formElement>
                <formElement type="sb" ID="F20" rank="2">
                  <name>hardware</name>
                  <label>Hardware</label>
                  <bind type="static" is_rank_alpha="0">
                    <items>
                      <item ID="V33" label="PC" is_hidden="0"/>
                    </items>
                  </bind>
                </formElement>
              </formElements>
            </formElement>
            <formElement type="column" ID="F32" rank="1">
              <name>struct1</name>
              <label>struct1</label>
              <formElements>
                <formElement type="sb" ID="F18" rank="0">
                  <name>version</name>
                  <label>Version</label>
                  <bind type="static" is_rank_alpha="0">
                    <items>
                      <item ID="V31" label="1.7" is_hidden="0"/>
                    </items>
                  </bind>
                </formElement>
                <formElement type="sb" ID="F19" rank="1">
                  <name>target_milestone</name>
                  <label>Target milestone</label>
                  <bind type="static" is_rank_alpha="0">
                    <items>
                      <item ID="V32" label="Next Major Release" is_hidden="0"/>
                    </items>
                  </bind>
                </formElement>
                <formElement type="sb" ID="F21" rank="2">
                  <name>os</name>
                  <label>OS</label>
                  <bind type="static" is_rank_alpha="0">
                    <items>
                      <item ID="V34" label="Windows XP" is_hidden="0"/>
                    </items>
                  </bind>
                </formElement>
              </formElements>
            </formElement>
          </formElements>
        </formElement>
        <formElement type="fieldset" ID="F33" rank="5">
          <name>struct5</name>
          <label>Links</label>
          <formElements>
            <formElement type="art_link" ID="F14" rank="0">
              <name>links</name>
              <label>Links</label>
            </formElement>
          </formElements>
        </formElement>
      </formElements>
      <semantics>
        <semantic type="title">
          <shortname>title</shortname>
          <label/>
          <description/>
          <field REF="F5"/>
        </semantic>
        <semantic type="status">
          <shortname>status</shortname>
          <label/>
          <description/>
          <field REF="F9"/>
          <open_values>
            <open_value REF="V1"/>
            <open_value REF="V2"/>
            <open_value REF="V3"/>
            <open_value REF="V4"/>
            <open_value REF="V5"/>
            <open_value REF="V6"/>
          </open_values>
        </semantic>
        <semantic type="contributor">
          <shortname>contributor</shortname>
          <label/>
          <description/>
          <field REF="F11"/>
        </semantic>
      </semantics>
      <rules>
        <list_rules>
          <rule>
            <source_field REF="F9"/>
            <target_field REF="F10"/>
            <source_value REF="V1"/>
            <target_value is_none="1"/>
          </rule>
          <rule>
            <source_field REF="F9"/>
            <target_field REF="F10"/>
            <source_value REF="V2"/>
            <target_value is_none="1"/>
          </rule>
          <rule>
            <source_field REF="F9"/>
            <target_field REF="F10"/>
            <source_value REF="V3"/>
            <target_value is_none="1"/>
          </rule>
          <rule>
            <source_field REF="F9"/>
            <target_field REF="F10"/>
            <source_value REF="V6"/>
            <target_value is_none="1"/>
          </rule>
          <rule>
            <source_field REF="F9"/>
            <target_field REF="F10"/>
            <source_value REF="V4"/>
            <target_value is_none="1"/>
          </rule>
          <rule>
            <source_field REF="F9"/>
            <target_field REF="F10"/>
            <source_value REF="V5"/>
            <target_value is_none="1"/>
          </rule>
          <rule>
            <source_field REF="F9"/>
            <target_field REF="F10"/>
            <source_value REF="V7"/>
            <target_value REF="V10"/>
          </rule>
          <rule>
            <source_field REF="F9"/>
            <target_field REF="F10"/>
            <source_value REF="V7"/>
            <target_value REF="V11"/>
          </rule>
          <rule>
            <source_field REF="F9"/>
            <target_field REF="F10"/>
            <source_value REF="V7"/>
            <target_value REF="V12"/>
          </rule>
          <rule>
            <source_field REF="F9"/>
            <target_field REF="F10"/>
            <source_value REF="V7"/>
            <target_value REF="V13"/>
          </rule>
          <rule>
            <source_field REF="F9"/>
            <target_field REF="F10"/>
            <source_value REF="V7"/>
            <target_value REF="V14"/>
          </rule>
          <rule>
            <source_field REF="F9"/>
            <target_field REF="F10"/>
            <source_value REF="V7"/>
            <target_value REF="V15"/>
          </rule>
          <rule>
            <source_field REF="F9"/>
            <target_field REF="F10"/>
            <source_value REF="V7"/>
            <target_value REF="V16"/>
          </rule>
          <rule>
            <source_field REF="F9"/>
            <target_field REF="F10"/>
            <source_value REF="V8"/>
            <target_value REF="V10"/>
          </rule>
          <rule>
            <source_field REF="F9"/>
            <target_field REF="F10"/>
            <source_value REF="V8"/>
            <target_value REF="V11"/>
          </rule>
          <rule>
            <source_field REF="F9"/>
            <target_field REF="F10"/>
            <source_value REF="V8"/>
            <target_value REF="V12"/>
          </rule>
          <rule>
            <source_field REF="F9"/>
            <target_field REF="F10"/>
            <source_value REF="V8"/>
            <target_value REF="V13"/>
          </rule>
          <rule>
            <source_field REF="F9"/>
            <target_field REF="F10"/>
            <source_value REF="V8"/>
            <target_value REF="V14"/>
          </rule>
          <rule>
            <source_field REF="F9"/>
            <target_field REF="F10"/>
            <source_value REF="V8"/>
            <target_value REF="V15"/>
          </rule>
          <rule>
            <source_field REF="F9"/>
            <target_field REF="F10"/>
            <source_value REF="V8"/>
            <target_value REF="V16"/>
          </rule>
          <rule>
            <source_field REF="F9"/>
            <target_field REF="F10"/>
            <source_value REF="V9"/>
            <target_value REF="V10"/>
          </rule>
          <rule>
            <source_field REF="F9"/>
            <target_field REF="F10"/>
            <source_value REF="V9"/>
            <target_value REF="V11"/>
          </rule>
          <rule>
            <source_field REF="F9"/>
            <target_field REF="F10"/>
            <source_value REF="V9"/>
            <target_value REF="V12"/>
          </rule>
          <rule>
            <source_field REF="F9"/>
            <target_field REF="F10"/>
            <source_value REF="V9"/>
            <target_value REF="V13"/>
          </rule>
          <rule>
            <source_field REF="F9"/>
            <target_field REF="F10"/>
            <source_value REF="V9"/>
            <target_value REF="V14"/>
          </rule>
          <rule>
            <source_field REF="F9"/>
            <target_field REF="F10"/>
            <source_value REF="V9"/>
            <target_value REF="V15"/>
          </rule>
          <rule>
            <source_field REF="F9"/>
            <target_field REF="F10"/>
            <source_value REF="V9"/>
            <target_value REF="V16"/>
          </rule>
        </list_rules>
      </rules>
      <reports>
        <report is_default="1">
          <name>Default</name>
          <description>Default report</description>
          <criterias/>
          <renderers>
            <renderer type="table" rank="0" chunksz="50">
              <name>Results</name>
              <columns>
                <field REF="F6"/>
                <field REF="F5"/>
                <field REF="F1"/>
                <field REF="F2"/>
                <field REF="F3"/>
                <field REF="F11"/>
              </columns>
            </renderer>
          </renderers>
        </report>
      </reports>
      <permissions>
        <permission scope="tracker" ugroup="UGROUP_ANONYMOUS" type="PLUGIN_TRACKER_ACCESS_FULL"/>
        <permission scope="field" REF="F1" ugroup="UGROUP_ANONYMOUS" type="PLUGIN_TRACKER_FIELD_READ"/>
        <permission scope="field" REF="F2" ugroup="UGROUP_ANONYMOUS" type="PLUGIN_TRACKER_FIELD_READ"/>
        <permission scope="field" REF="F3" ugroup="UGROUP_ANONYMOUS" type="PLUGIN_TRACKER_FIELD_READ"/>
        <permission scope="field" REF="F4" ugroup="UGROUP_ANONYMOUS" type="PLUGIN_TRACKER_FIELD_READ"/>
        <permission scope="field" REF="F5" ugroup="UGROUP_ANONYMOUS" type="PLUGIN_TRACKER_FIELD_READ"/>
        <permission scope="field" REF="F5" ugroup="UGROUP_REGISTERED" type="PLUGIN_TRACKER_FIELD_SUBMIT"/>
        <permission scope="field" REF="F5" ugroup="UGROUP_REGISTERED" type="PLUGIN_TRACKER_FIELD_UPDATE"/>
        <permission scope="field" REF="F6" ugroup="UGROUP_ANONYMOUS" type="PLUGIN_TRACKER_FIELD_READ"/>
        <permission scope="field" REF="F7" ugroup="UGROUP_ANONYMOUS" type="PLUGIN_TRACKER_FIELD_READ"/>
        <permission scope="field" REF="F7" ugroup="UGROUP_REGISTERED" type="PLUGIN_TRACKER_FIELD_SUBMIT"/>
        <permission scope="field" REF="F7" ugroup="UGROUP_REGISTERED" type="PLUGIN_TRACKER_FIELD_UPDATE"/>
        <permission scope="field" REF="F8" ugroup="UGROUP_ANONYMOUS" type="PLUGIN_TRACKER_FIELD_READ"/>
        <permission scope="field" REF="F8" ugroup="UGROUP_REGISTERED" type="PLUGIN_TRACKER_FIELD_SUBMIT"/>
        <permission scope="field" REF="F8" ugroup="UGROUP_REGISTERED" type="PLUGIN_TRACKER_FIELD_UPDATE"/>
        <permission scope="field" REF="F15" ugroup="UGROUP_ANONYMOUS" type="PLUGIN_TRACKER_FIELD_READ"/>
        <permission scope="field" REF="F15" ugroup="UGROUP_REGISTERED" type="PLUGIN_TRACKER_FIELD_SUBMIT"/>
        <permission scope="field" REF="F15" ugroup="UGROUP_REGISTERED" type="PLUGIN_TRACKER_FIELD_UPDATE"/>
        <permission scope="field" REF="F9" ugroup="UGROUP_ANONYMOUS" type="PLUGIN_TRACKER_FIELD_READ"/>
        <permission scope="field" REF="F9" ugroup="UGROUP_REGISTERED" type="PLUGIN_TRACKER_FIELD_SUBMIT"/>
        <permission scope="field" REF="F9" ugroup="UGROUP_REGISTERED" type="PLUGIN_TRACKER_FIELD_UPDATE"/>
        <permission scope="field" REF="F10" ugroup="UGROUP_ANONYMOUS" type="PLUGIN_TRACKER_FIELD_READ"/>
        <permission scope="field" REF="F10" ugroup="UGROUP_REGISTERED" type="PLUGIN_TRACKER_FIELD_SUBMIT"/>
        <permission scope="field" REF="F10" ugroup="UGROUP_REGISTERED" type="PLUGIN_TRACKER_FIELD_UPDATE"/>
        <permission scope="field" REF="F11" ugroup="UGROUP_ANONYMOUS" type="PLUGIN_TRACKER_FIELD_READ"/>
        <permission scope="field" REF="F11" ugroup="UGROUP_REGISTERED" type="PLUGIN_TRACKER_FIELD_SUBMIT"/>
        <permission scope="field" REF="F11" ugroup="UGROUP_REGISTERED" type="PLUGIN_TRACKER_FIELD_UPDATE"/>
        <permission scope="field" REF="F12" ugroup="UGROUP_ANONYMOUS" type="PLUGIN_TRACKER_FIELD_READ"/>
        <permission scope="field" REF="F12" ugroup="UGROUP_REGISTERED" type="PLUGIN_TRACKER_FIELD_SUBMIT"/>
        <permission scope="field" REF="F12" ugroup="UGROUP_REGISTERED" type="PLUGIN_TRACKER_FIELD_UPDATE"/>
        <permission scope="field" REF="F13" ugroup="UGROUP_ANONYMOUS" type="PLUGIN_TRACKER_FIELD_READ"/>
        <permission scope="field" REF="F13" ugroup="UGROUP_REGISTERED" type="PLUGIN_TRACKER_FIELD_SUBMIT"/>
        <permission scope="field" REF="F13" ugroup="UGROUP_REGISTERED" type="PLUGIN_TRACKER_FIELD_UPDATE"/>
        <permission scope="field" REF="F16" ugroup="UGROUP_ANONYMOUS" type="PLUGIN_TRACKER_FIELD_READ"/>
        <permission scope="field" REF="F16" ugroup="UGROUP_REGISTERED" type="PLUGIN_TRACKER_FIELD_SUBMIT"/>
        <permission scope="field" REF="F16" ugroup="UGROUP_REGISTERED" type="PLUGIN_TRACKER_FIELD_UPDATE"/>
        <permission scope="field" REF="F17" ugroup="UGROUP_ANONYMOUS" type="PLUGIN_TRACKER_FIELD_READ"/>
        <permission scope="field" REF="F17" ugroup="UGROUP_REGISTERED" type="PLUGIN_TRACKER_FIELD_SUBMIT"/>
        <permission scope="field" REF="F17" ugroup="UGROUP_REGISTERED" type="PLUGIN_TRACKER_FIELD_UPDATE"/>
        <permission scope="field" REF="F20" ugroup="UGROUP_ANONYMOUS" type="PLUGIN_TRACKER_FIELD_READ"/>
        <permission scope="field" REF="F20" ugroup="UGROUP_REGISTERED" type="PLUGIN_TRACKER_FIELD_SUBMIT"/>
        <permission scope="field" REF="F20" ugroup="UGROUP_REGISTERED" type="PLUGIN_TRACKER_FIELD_UPDATE"/>
        <permission scope="field" REF="F18" ugroup="UGROUP_ANONYMOUS" type="PLUGIN_TRACKER_FIELD_READ"/>
        <permission scope="field" REF="F18" ugroup="UGROUP_REGISTERED" type="PLUGIN_TRACKER_FIELD_SUBMIT"/>
        <permission scope="field" REF="F18" ugroup="UGROUP_REGISTERED" type="PLUGIN_TRACKER_FIELD_UPDATE"/>
        <permission scope="field" REF="F19" ugroup="UGROUP_ANONYMOUS" type="PLUGIN_TRACKER_FIELD_READ"/>
        <permission scope="field" REF="F19" ugroup="UGROUP_REGISTERED" type="PLUGIN_TRACKER_FIELD_SUBMIT"/>
        <permission scope="field" REF="F19" ugroup="UGROUP_REGISTERED" type="PLUGIN_TRACKER_FIELD_UPDATE"/>
        <permission scope="field" REF="F21" ugroup="UGROUP_ANONYMOUS" type="PLUGIN_TRACKER_FIELD_READ"/>
        <permission scope="field" REF="F21" ugroup="UGROUP_REGISTERED" type="PLUGIN_TRACKER_FIELD_SUBMIT"/>
        <permission scope="field" REF="F21" ugroup="UGROUP_REGISTERED" type="PLUGIN_TRACKER_FIELD_UPDATE"/>
        <permission scope="field" REF="F14" ugroup="UGROUP_ANONYMOUS" type="PLUGIN_TRACKER_FIELD_READ"/>
        <permission scope="field" REF="F14" ugroup="UGROUP_REGISTERED" type="PLUGIN_TRACKER_FIELD_SUBMIT"/>
        <permission scope="field" REF="F14" ugroup="UGROUP_REGISTERED" type="PLUGIN_TRACKER_FIELD_UPDATE"/>
      </permissions>
      <artifacts>
        <artifact id="285764">
          <changeset>
            <submitted_by format="username">user01</submitted_by>
            <submitted_on format="ISO8601">2009-08-05 15:40:00 -0400</submitted_on>
            <comments/>
            <field_change field_name="bugzilla_id" type="int">
              <value><![CDATA[285764]]></value>
            </field_change>
            <field_change field_name="summary" type="string">
              <value><![CDATA[Errors found in Java Properties Files]]></value>
            </field_change>
            <field_change field_name="description" type="text">
              <value><![CDATA[Build ID: -

                Steps To Reproduce:
                The following errors were found in Java properties files.
                Note: The line numbers may be off by 1 or 2 lines.

                ECLIPSE\PLUGINS\ORG.ECLIPSE.DATATOOLS.SQLTOOLS.DOC.USER\DOC\HTML\
                ASC1229700466482.HTML                                           XHTML-10    968   XML decimal/hex symbol should not be used: &#34;.  Use named symbols instead.  Line: 122
                968   XML decimal/hex symbol should not be used: &#34;.  Use named symbols instead.  Line: 122

                More information:]]></value>
            </field_change>
            <field_change field_name="status" type="list" bind="static">
              <value format="id">1</value>
            </field_change>
            <field_change field_name="severity" type="list" bind="static">
              <value format="id">20</value>
            </field_change>
            <field_change field_name="priority" type="list" bind="static">
              <value format="id">26</value>
            </field_change>
            <field_change field_name="product" type="list" bind="static">
              <value format="id">29</value>
            </field_change>
            <field_change field_name="component" type="list" bind="static">
              <value format="id">30</value>
            </field_change>
            <field_change field_name="version" type="list" bind="static">
              <value format="id">31</value>
            </field_change>
            <field_change field_name="target_milestone" type="list" bind="static">
              <value format="id">32</value>
            </field_change>
            <field_change field_name="hardware" type="list" bind="static">
              <value format="id">33</value>
            </field_change>
            <field_change field_name="os" type="list" bind="static">
              <value format="id">34</value>
            </field_change>
            <field_change field_name="assigned_to" type="list" bind="users">
              <value format="username">dtp.connectivity-inbox</value>
            </field_change>
            <field_change field_name="cc" type="open_list" bind="users">
              <value format="label">user02</value>
              <value format="label">user03</value>
            </field_change>
          </changeset>
          <changeset>
            <submitted_by format="username">user04</submitted_by>
            <submitted_on format="ISO8601">2009-09-30 11:56:34 -0400</submitted_on>
            <comments>
              <comment>
                <submitted_by format="username">user04</submitted_by>
                <submitted_on format="ISO8601">2009-09-30 11:56:34 -0400</submitted_on>
                <body format="text"><![CDATA[We will hopefully be able to address this when the docs are added to CVS in October.]]></body>
              </comment>
            </comments>
          </changeset>
        </artifact>
      </artifacts>
    </tracker>
  </trackers>
</project>
