<?xml version="1.0" encoding="UTF-8"?>
<project access="public" description="" full-name="Jira import" unix-name="jira-import">
  <long-description/>
  <ugroups>
    <ugroup name="project_members" description="">
      <members>
        <member format="username">user02</member>
        <member format="username">user01</member>
        <member format="username">user03</member>
        <member format="username">user04</member>
      </members>
    </ugroup>
  </ugroups>
  <services>
    <service shortname="plugin_tracker" enabled="true"/>
  </services>
  <trackers>
    <tracker id="T1" parent_id="0" instantiate_for_new_projects="1">
      <name>Bugs</name>
      <item_name>bug</item_name>
      <description>Bugs and requests</description>
      <color>inca_silver</color>
      <cannedResponses/>
      <formElements>
        <formElement type="column" ID="F15" rank="0">
          <name>struct0</name>
          <label>struct0</label>
          <formElements>
            <formElement type="fieldset" ID="F16" rank="0">
              <name>struct0</name>
              <label>Details</label>
              <formElements>
                <formElement type="column" ID="F17" rank="0">
                  <name>struct0</name>
                  <label>struct0</label>
                  <formElements>
                    <formElement type="string" ID="F1" rank="0">
                      <name>summary</name>
                      <label>Summary</label>
                      <properties size="61"/>
                    </formElement>
                    <formElement type="sb" ID="F10" rank="1">
                      <name>type</name>
                      <label>Type</label>
                      <bind type="static" is_rank_alpha="0">
                        <items>
                          <item ID="V12" label="Bug" is_hidden="0"/>
                          <item ID="V13" label="New Feature" is_hidden="0"/>
                          <item ID="V14" label="Task" is_hidden="0"/>
                          <item ID="V15" label="Improvement" is_hidden="0"/>
                          <item ID="V16" label="Patch" is_hidden="0"/>
                        </items>
                      </bind>
                    </formElement>
                    <formElement type="sb" ID="F9" rank="2">
                      <name>priority</name>
                      <label>Priority</label>
                      <bind type="static" is_rank_alpha="0">
                        <items>
                          <item ID="V7" label="Blocker" is_hidden="0"/>
                          <item ID="V8" label="Critical" is_hidden="0"/>
                          <item ID="V9" label="Major" is_hidden="0"/>
                          <item ID="V10" label="Minor" is_hidden="0"/>
                          <item ID="V11" label="Trivial" is_hidden="0"/>
                        </items>
                      </bind>
                    </formElement>
                    <formElement type="tbl" ID="F14" rank="3">
                      <name>labels</name>
                      <label>Labels</label>
                      <bind type="static" is_rank_alpha="0"/>
                    </formElement>
                    <formElement type="text" ID="F11" rank="4">
                      <name>environment</name>
                      <label>Environment</label>
                      <properties rows="7" cols="80"/>
                    </formElement>
                  </formElements>
                </formElement>
                <formElement type="column" ID="F18" rank="1">
                  <name>struct1</name>
                  <label>struct1</label>
                  <formElements>
                    <formElement type="sb" ID="F3" rank="0">
                      <name>status</name>
                      <label>Status</label>
                      <bind type="static" is_rank_alpha="0">
                        <items>
                          <item ID="V1" label="Open" is_hidden="0"/>
                          <item ID="V2" label="In Progress" is_hidden="0"/>
                          <item ID="V3" label="Resolved" is_hidden="0"/>
                          <item ID="V4" label="Closed" is_hidden="0"/>
                          <item ID="V5" label="Reopened" is_hidden="0"/>
                          <item ID="V6" label="In Review" is_hidden="0"/>
                        </items>
                      </bind>
                    </formElement>
                    <formElement type="sb" ID="F12" rank="1">
                      <name>resolution</name>
                      <label>Resolution</label>
                      <bind type="static" is_rank_alpha="0">
                        <items>
                          <item ID="V17" label="Unresolved" is_hidden="0"/>
                          <item ID="V18" label="Fixed" is_hidden="0"/>
                          <item ID="V19" label="Won't Fix" is_hidden="0"/>
                          <item ID="V20" label="Duplicate" is_hidden="0"/>
                          <item ID="V21" label="Incomplete" is_hidden="0"/>
                          <item ID="V22" label="Cannot Reproduce" is_hidden="0"/>
                          <item ID="V23" label="Postponed" is_hidden="0"/>
                          <item ID="V24" label="Not A Defect" is_hidden="0"/>
                          <item ID="V25" label="Done" is_hidden="0"/>
                        </items>
                      </bind>
                    </formElement>
                  </formElements>
                </formElement>
              </formElements>
            </formElement>
            <formElement type="fieldset" ID="F19" rank="1">
              <name>struct1</name>
              <label>Description</label>
              <formElements>
                <formElement type="text" ID="F2" rank="0">
                  <name>description</name>
                  <label>Description</label>
                  <properties rows="7" cols="80"/>
                </formElement>
              </formElements>
            </formElement>
          </formElements>
        </formElement>
        <formElement type="column" ID="F20" rank="1">
          <name>struct1</name>
          <label>struct1</label>
          <formElements>
            <formElement type="fieldset" ID="F21" rank="0">
              <name>struct0</name>
              <label>People</label>
              <formElements>
                <formElement type="sb" ID="F4" rank="0" notifications="1">
                  <name>assignee</name>
                  <label>Assignee</label>
                  <bind type="users">
                    <items>
                      <item label="group_members"/>
                    </items>
                  </bind>
                </formElement>
                <formElement type="subby" ID="F5" rank="1">
                  <name>reporter</name>
                  <label>Reporter</label>
                </formElement>
                <formElement type="luby" ID="F7" rank="2">
                  <name>last_update_by</name>
                  <label>Last update by</label>
                </formElement>
              </formElements>
            </formElement>
            <formElement type="fieldset" ID="F22" rank="1">
              <name>struct1</name>
              <label>Dates</label>
              <formElements>
                <formElement type="subon" ID="F6" rank="0">
                  <name>submitted_on</name>
                  <label>Submitted on</label>
                </formElement>
                <formElement type="lud" ID="F8" rank="1">
                  <name>last_update_on</name>
                  <label>Last update on</label>
                </formElement>
                <formElement type="date" ID="F13" rank="2">
                  <name>resolved</name>
                  <label>Resolved</label>
                  <properties display_time="1"/>
                </formElement>
              </formElements>
            </formElement>
          </formElements>
        </formElement>
      </formElements>
      <semantics>
        <semantic type="title">
          <shortname>title</shortname>
          <label/>
          <description/>
          <field REF="F1"/>
        </semantic>
        <semantic type="description">
          <shortname>description</shortname>
          <label/>
          <description/>
          <field REF="F2"/>
        </semantic>
        <semantic type="status">
          <shortname>status</shortname>
          <label/>
          <description/>
          <field REF="F3"/>
          <open_values>
            <open_value REF="V1"/>
            <open_value REF="V2"/>
            <open_value REF="V5"/>
            <open_value REF="V6"/>
          </open_values>
        </semantic>
        <semantic type="contributor">
          <shortname>contributor</shortname>
          <label/>
          <description/>
          <field REF="F4"/>
        </semantic>
      </semantics>
      <rules>
        <list_rules/>
      </rules>
      <reports>
        <report is_default="1">
          <name>Default</name>
          <description>Default report</description>
          <criterias/>
          <renderers>
            <renderer type="table" rank="0" chunksz="50">
              <name>Results</name>
              <columns>
                <field REF="F1"/>
                <field REF="F3"/>
                <field REF="F4"/>
              </columns>
            </renderer>
          </renderers>
        </report>
      </reports>
      <permissions>
        <permission scope="tracker" ugroup="UGROUP_ANONYMOUS" type="PLUGIN_TRACKER_ACCESS_FULL"/>
        <permission scope="field" REF="F1" ugroup="UGROUP_ANONYMOUS" type="PLUGIN_TRACKER_FIELD_READ"/>
        <permission scope="field" REF="F1" ugroup="UGROUP_REGISTERED" type="PLUGIN_TRACKER_FIELD_SUBMIT"/>
        <permission scope="field" REF="F1" ugroup="UGROUP_REGISTERED" type="PLUGIN_TRACKER_FIELD_UPDATE"/>
        <permission scope="field" REF="F10" ugroup="UGROUP_ANONYMOUS" type="PLUGIN_TRACKER_FIELD_READ"/>
        <permission scope="field" REF="F10" ugroup="UGROUP_REGISTERED" type="PLUGIN_TRACKER_FIELD_SUBMIT"/>
        <permission scope="field" REF="F10" ugroup="UGROUP_REGISTERED" type="PLUGIN_TRACKER_FIELD_UPDATE"/>
        <permission scope="field" REF="F9" ugroup="UGROUP_ANONYMOUS" type="PLUGIN_TRACKER_FIELD_READ"/>
        <permission scope="field" REF="F9" ugroup="UGROUP_REGISTERED" type="PLUGIN_TRACKER_FIELD_SUBMIT"/>
        <permission scope="field" REF="F9" ugroup="UGROUP_REGISTERED" type="PLUGIN_TRACKER_FIELD_UPDATE"/>
        <permission scope="field" REF="F14" ugroup="UGROUP_ANONYMOUS" type="PLUGIN_TRACKER_FIELD_READ"/>
        <permission scope="field" REF="F14" ugroup="UGROUP_REGISTERED" type="PLUGIN_TRACKER_FIELD_SUBMIT"/>
        <permission scope="field" REF="F14" ugroup="UGROUP_REGISTERED" type="PLUGIN_TRACKER_FIELD_UPDATE"/>
        <permission scope="field" REF="F11" ugroup="UGROUP_ANONYMOUS" type="PLUGIN_TRACKER_FIELD_READ"/>
        <permission scope="field" REF="F11" ugroup="UGROUP_REGISTERED" type="PLUGIN_TRACKER_FIELD_SUBMIT"/>
        <permission scope="field" REF="F11" ugroup="UGROUP_REGISTERED" type="PLUGIN_TRACKER_FIELD_UPDATE"/>
        <permission scope="field" REF="F3" ugroup="UGROUP_ANONYMOUS" type="PLUGIN_TRACKER_FIELD_READ"/>
        <permission scope="field" REF="F3" ugroup="UGROUP_REGISTERED" type="PLUGIN_TRACKER_FIELD_SUBMIT"/>
        <permission scope="field" REF="F3" ugroup="UGROUP_REGISTERED" type="PLUGIN_TRACKER_FIELD_UPDATE"/>
        <permission scope="field" REF="F12" ugroup="UGROUP_ANONYMOUS" type="PLUGIN_TRACKER_FIELD_READ"/>
        <permission scope="field" REF="F12" ugroup="UGROUP_REGISTERED" type="PLUGIN_TRACKER_FIELD_SUBMIT"/>
        <permission scope="field" REF="F12" ugroup="UGROUP_REGISTERED" type="PLUGIN_TRACKER_FIELD_UPDATE"/>
        <permission scope="field" REF="F2" ugroup="UGROUP_ANONYMOUS" type="PLUGIN_TRACKER_FIELD_READ"/>
        <permission scope="field" REF="F2" ugroup="UGROUP_REGISTERED" type="PLUGIN_TRACKER_FIELD_SUBMIT"/>
        <permission scope="field" REF="F2" ugroup="UGROUP_REGISTERED" type="PLUGIN_TRACKER_FIELD_UPDATE"/>
        <permission scope="field" REF="F4" ugroup="UGROUP_ANONYMOUS" type="PLUGIN_TRACKER_FIELD_READ"/>
        <permission scope="field" REF="F4" ugroup="UGROUP_REGISTERED" type="PLUGIN_TRACKER_FIELD_SUBMIT"/>
        <permission scope="field" REF="F4" ugroup="UGROUP_REGISTERED" type="PLUGIN_TRACKER_FIELD_UPDATE"/>
        <permission scope="field" REF="F5" ugroup="UGROUP_ANONYMOUS" type="PLUGIN_TRACKER_FIELD_READ"/>
        <permission scope="field" REF="F7" ugroup="UGROUP_ANONYMOUS" type="PLUGIN_TRACKER_FIELD_READ"/>
        <permission scope="field" REF="F6" ugroup="UGROUP_ANONYMOUS" type="PLUGIN_TRACKER_FIELD_READ"/>
        <permission scope="field" REF="F8" ugroup="UGROUP_ANONYMOUS" type="PLUGIN_TRACKER_FIELD_READ"/>
        <permission scope="field" REF="F13" ugroup="UGROUP_ANONYMOUS" type="PLUGIN_TRACKER_FIELD_READ"/>
        <permission scope="field" REF="F13" ugroup="UGROUP_REGISTERED" type="PLUGIN_TRACKER_FIELD_SUBMIT"/>
        <permission scope="field" REF="F13" ugroup="UGROUP_REGISTERED" type="PLUGIN_TRACKER_FIELD_UPDATE"/>
      </permissions>
      <artifacts>
        <artifact id="177611">
          <changeset>
            <submitted_by format="username">user02</submitted_by>
            <submitted_on format="ISO8601">Mon, 9 Jan 2017 00:33:55 +0000</submitted_on>
            <comments/>
            <field_change field_name="summary" type="string">
              <value><![CDATA[cannot apply and save base clearcase dynamic views ]]></value>
            </field_change>
            <field_change field_name="description" type="text">
              <value format="html"><![CDATA[<p>Helllo Team,</p>

<p>I'm trying to implement "Pipeline as a code" with "Pipeline script from SCM"<br/>
Base Clear case; Dynamic views.<br/>
I'm wondering when save or apply worked for free style project with same configurations didn't work for "pipeline script from SCM"</p>

<p>PFA for more information on configuration and error screen shots.</p>]]></value>
            </field_change>
            <field_change field_name="status" type="list" bind="static">
              <value format="id">1</value>
            </field_change>
            <field_change field_name="priority" type="list" bind="static">
              <value format="id">9</value>
            </field_change>
            <field_change field_name="type" type="list" bind="static">
              <value format="id">12</value>
            </field_change>
            <field_change field_name="environment" type="text">
              <value format="html"><![CDATA[Jenkins 2.19.1; Clear case 8, Base clear case , Dynamic views]]></value>
            </field_change>
            <field_change field_name="resolution" type="list" bind="static">
              <value format="id">17</value>
            </field_change>
            <field_change field_name="assignee" type="list" bind="users">
              <value format="username">user01</value>
            </field_change>
            <field_change field_name="labels" type="open_list" bind="static">
              <value format="label">clearcaseplugin</value>
              <value format="label">jenkins</value>
            </field_change>
          </changeset>
          <changeset>
            <submitted_by format="username">user03</submitted_by>
            <submitted_on format="ISO8601">Tue, 10 Jan 2017 14:16:57 +0000</submitted_on>
            <comments>
              <comment>
                <submitted_by format="username">user03</submitted_by>
                <submitted_on format="ISO8601">Tue, 10 Jan 2017 14:16:57 +0000</submitted_on>
                <body format="html"><![CDATA[<p>Sorry to say we don't officially support using the ClearCase plugin in Pipeline yet.<br/>
    The plugin will have to go through various code changes to fix your issue and support Pipeline, but these haven't been planned yet.<br/>
    We'll gladly take outside help to add support for Pipelines, but as it stands it'll only be implemented when time and budget allow it.</p>]]></body>
              </comment>
            </comments>
          </changeset>
          <changeset>
            <submitted_by format="username">user04</submitted_by>
            <submitted_on format="ISO8601">Mon, 20 Feb 2017 08:57:28 +0000</submitted_on>
            <comments>
              <comment>
                <submitted_by format="username">user04</submitted_by>
                <submitted_on format="ISO8601">Mon, 20 Feb 2017 08:57:28 +0000</submitted_on>
                <body format="html"><![CDATA[<p>Hello Team,</p>

    <p>I download the update version of jenkins 2.47 but still Base clear case is not working for "Pipeline script from SCM".On Saving the configuration its giving exception and error.<br/>
    Kindly Resolved this issue and take it as a high priority.</p>

    <p>Thanks</p>]]></body>
              </comment>
            </comments>
          </changeset>
        </artifact>
      </artifacts>
    </tracker>
  </trackers>
</project>
